src/services/db.backup.ts(769,25): error TS1005: ',' expected.
src/services/db.backup.ts(769,27): error TS1005: ',' expected.
src/services/db.backup.ts(769,83): error TS1005: ',' expected.
src/services/db.backup.ts(778,70): error TS1005: '=>' expected.
src/services/db.backup.ts(778,73): error TS1005: ',' expected.
src/services/db.backup.ts(778,76): error TS1005: ';' expected.
src/services/db.backup.ts(787,6): error TS1128: Declaration or statement expected.
src/services/db.backup.ts(812,17): error TS1005: ';' expected.
src/services/db.backup.ts(836,27): error TS1005: ';' expected.
src/services/db.backup.ts(892,14): error TS1005: ';' expected.
src/services/db.backup.ts(893,9): error TS1128: Declaration or statement expected.
src/services/db.backup.ts(894,5): error TS1128: Declaration or statement expected.
src/services/db.backup.ts(894,6): error TS1128: Declaration or statement expected.
src/services/db.backup.ts(894,8): error TS1434: Unexpected keyword or identifier.
src/services/db.backup.ts(894,13): error TS1434: Unexpected keyword or identifier.
src/services/db.backup.ts(894,23): error TS1434: Unexpected keyword or identifier.
src/services/db.backup.ts(894,32): error TS1434: Unexpected keyword or identifier.
src/services/db.backup.ts(894,35): error TS1434: Unexpected keyword or identifier.
src/services/db.backup.ts(894,47): error TS1005: ';' expected.
src/services/db.backup.ts(894,91): error TS1005: ';' expected.
src/services/db.backup.ts(894,93): error TS1005: 'export' expected.
src/services/db.backup.ts(894,101): error TS1434: Unexpected keyword or identifier.
src/services/db.backup.ts(894,104): error TS1434: Unexpected keyword or identifier.
src/services/db.backup.ts(894,110): error TS1434: Unexpected keyword or identifier.
src/services/db.backup.ts(894,116): error TS1434: Unexpected keyword or identifier.
src/services/db.backup.ts(895,32): error TS1005: ';' expected.
src/services/db.backup.ts(896,9): error TS1128: Declaration or statement expected.
src/services/db.backup.ts(937,5): error TS1128: Declaration or statement expected.
src/services/db.backup.ts(937,6): error TS1128: Declaration or statement expected.
src/services/db.backup.ts(977,18): error TS1005: ';' expected.
src/services/db.backup.ts(997,15): error TS1005: ';' expected.
src/services/db.backup.ts(1001,16): error TS1005: ';' expected.
src/services/db.backup.ts(1006,14): error TS1005: ';' expected.
src/services/db.backup.ts(1016,17): error TS1005: ';' expected.
src/services/db.backup.ts(1033,25): error TS1005: ';' expected.
src/services/db.backup.ts(1037,33): error TS1005: ';' expected.
src/services/db.backup.ts(1065,25): error TS1005: ';' expected.
src/services/db.backup.ts(1077,24): error TS1005: ';' expected.
src/services/db.backup.ts(1086,25): error TS1005: ';' expected.
src/services/db.backup.ts(1115,20): error TS1005: ';' expected.
src/services/db.backup.ts(1121,27): error TS1005: ';' expected.
src/services/db.backup.ts(1127,22): error TS1005: ';' expected.
src/services/db.backup.ts(1133,23): error TS1005: ';' expected.
src/services/db.backup.ts(1171,18): error TS1005: ';' expected.
src/services/db.backup.ts(1195,21): error TS1005: ';' expected.
src/services/db.backup.ts(1229,16): error TS1005: ';' expected.
src/services/db.backup.ts(1232,17): error TS1005: ';' expected.
src/services/db.backup.ts(1237,15): error TS1005: ';' expected.
src/services/db.backup.ts(1256,24): error TS1005: ';' expected.
src/services/db.backup.ts(1286,18): error TS1005: ';' expected.
src/services/db.backup.ts(1289,22): error TS1005: ';' expected.
src/services/db.backup.ts(1292,27): error TS1005: ';' expected.
src/services/db.backup.ts(1297,15): error TS1005: ';' expected.
src/services/db.backup.ts(1300,16): error TS1005: ';' expected.
src/services/db.backup.ts(1305,14): error TS1005: ';' expected.
src/services/db.backup.ts(1310,21): error TS1005: ';' expected.
src/services/db.backup.ts(1318,17): error TS1005: ';' expected.
src/services/db.backup.ts(1321,19): error TS1005: ';' expected.
src/services/db.backup.ts(1329,25): error TS1005: ';' expected.
src/services/db.backup.ts(1339,28): error TS1005: ';' expected.
src/services/db.backup.ts(1349,14): error TS1005: ';' expected.
src/services/db.backup.ts(1350,15): error TS1005: ';' expected.
src/services/db.backup.ts(1355,13): error TS1005: ';' expected.
src/services/db.backup.ts(1360,16): error TS1005: ';' expected.
src/services/db.backup.ts(1363,20): error TS1005: ';' expected.
src/services/db.backup.ts(1382,19): error TS1005: ';' expected.
src/services/db.backup.ts(1385,20): error TS1005: ';' expected.
src/services/db.backup.ts(1390,18): error TS1005: ';' expected.
src/services/db.backup.ts(1395,19): error TS1005: ';' expected.
src/services/db.backup.ts(1403,21): error TS1005: ';' expected.
src/services/db.backup.ts(1406,21): error TS1005: ';' expected.
src/services/db.backup.ts(1414,22): error TS1005: ';' expected.
src/services/db.backup.ts(1424,15): error TS1005: ';' expected.
src/services/db.backup.ts(1427,16): error TS1005: ';' expected.
src/services/db.backup.ts(1432,14): error TS1005: ';' expected.
src/services/db.backup.ts(1437,23): error TS1005: ';' expected.
src/services/db.backup.ts(1447,17): error TS1005: ';' expected.
src/services/db.backup.ts(1452,16): error TS1005: ';' expected.
src/services/db.backup.ts(1502,19): error TS1005: ';' expected.
src/services/db.backup.ts(1509,27): error TS1005: ';' expected.
src/services/db.backup.ts(1514,27): error TS1005: ';' expected.
src/services/db.backup.ts(1523,17): error TS1005: ';' expected.
src/services/db.backup.ts(1647,18): error TS1005: ';' expected.
src/services/db.backup.ts(1654,15): error TS1005: ';' expected.
src/services/db.backup.ts(1659,16): error TS1005: ';' expected.
src/services/db.backup.ts(1664,14): error TS1005: ';' expected.
src/services/db.backup.ts(1669,17): error TS1005: ';' expected.
src/services/db.backup.ts(1674,21): error TS1005: ';' expected.
src/services/db.backup.ts(1675,22): error TS1005: ';' expected.
src/services/db.backup.ts(1682,21): error TS1005: ';' expected.
src/services/db.backup.ts(1683,22): error TS1005: ';' expected.
src/services/db.backup.ts(1688,20): error TS1005: ';' expected.
src/services/db.backup.ts(1693,23): error TS1005: ';' expected.
src/services/db.backup.ts(1696,27): error TS1005: ';' expected.
src/services/db.backup.ts(1704,15): error TS1005: ';' expected.
src/services/db.backup.ts(1713,16): error TS1005: ';' expected.
src/services/db.backup.ts(1718,14): error TS1005: ';' expected.
src/services/db.backup.ts(1723,17): error TS1005: ';' expected.
src/services/db.backup.ts(1731,17): error TS1005: ';' expected.
src/services/db.backup.ts(1736,15): error TS1005: ';' expected.
src/services/db.backup.ts(1745,16): error TS1005: ';' expected.
src/services/db.backup.ts(1750,14): error TS1005: ';' expected.
src/services/db.backup.ts(1755,17): error TS1005: ';' expected.
src/services/db.backup.ts(1763,17): error TS1005: ';' expected.
src/services/db.backup.ts(1768,15): error TS1005: ';' expected.
src/services/db.backup.ts(1771,16): error TS1005: ';' expected.
src/services/db.backup.ts(1776,14): error TS1005: ';' expected.
src/services/db.backup.ts(1781,17): error TS1005: ';' expected.
src/services/db.backup.ts(1784,21): error TS1005: ';' expected.
src/services/db.backup.ts(1789,23): error TS1005: ';' expected.
src/services/db.backup.ts(1792,24): error TS1005: ';' expected.
src/services/db.backup.ts(1801,18): error TS1005: ';' expected.
src/services/db.backup.ts(1807,20): error TS1005: ';' expected.
src/services/db.backup.ts(1844,14): error TS1005: ';' expected.
src/services/db.backup.ts(2081,20): error TS1005: ';' expected.
src/services/db.backup.ts(2116,26): error TS1005: ';' expected.
src/services/db.backup.ts(2132,24): error TS1005: ';' expected.
src/services/db.backup.ts(2136,25): error TS1005: ';' expected.
src/services/db.backup.ts(2141,21): error TS1005: ';' expected.
src/services/db.backup.ts(2145,22): error TS1005: ';' expected.
src/services/db.backup.ts(2150,20): error TS1005: ';' expected.
src/services/db.backup.ts(2154,19): error TS1005: ';' expected.
src/services/db.backup.ts(2163,28): error TS1005: ';' expected.
src/services/db.backup.ts(2173,28): error TS1005: ';' expected.
src/services/db.backup.ts(2182,34): error TS1005: ';' expected.
src/services/db.backup.ts(2201,34): error TS1005: ';' expected.
src/services/db.backup.ts(2223,27): error TS1005: ';' expected.
src/services/db.backup.ts(2242,1): error TS1128: Declaration or statement expected.
src/vite-env.d.ts(1,4): error TS1127: Invalid character.
src/vite-env.d.ts(1,54): error TS1127: Invalid character.
src/vite-env.d.ts(1,56): error TS1127: Invalid character.
src/vite-env.d.ts(1,58): error TS1127: Invalid character.
src/vite-env.d.ts(1,60): error TS1127: Invalid character.
src/vite-env.d.ts(1,62): error TS1127: Invalid character.
src/vite-env.d.ts(1,64): error TS1127: Invalid character.
src/vite-env.d.ts(1,66): error TS1127: Invalid character.
src/vite-env.d.ts(1,75): error TS1002: Unterminated string literal.
src/vite-env.d.ts(2,1): error TS1127: Invalid character.
src/vite-env.d.ts(3,1): error TS1127: Invalid character.
